---
source: crates/bitacora-markdown/tests/snapshot_template.rs
expression: "format!(\"{rel}\\n{lines:#?}\")"
---
pages/pre-block-directive-deep.md
[
    "- first block\n",
    "- second block\n",
    "#+title: Directive deep in the page\n",
    "#+alias: deep-directive\n",
    "- third block\n",
]
